\x1b[36mconf/app.cnf:3:1\x1b[0m: \x1b[1;31merror\x1b[0m \x1b[1mMDL102[whitespace-only-line]\x1b[0m line contains only spaces and tabs
  = \x1b[1mimpact:\x1b[0m rejects the whole file: every option in it is ignored
  |
3 |
  | \x1b[1;31m^^^^^^\x1b[0m
  |
  = \x1b[1mhelp:\x1b[0m fixable with --fix: empty the line

\x1b[36mconf/app.cnf:4:8\x1b[0m: \x1b[1;34minfo\x1b[0m \x1b[1mMDL307[spaces-around-equals]\x1b[0m spaces around "="
  |
4 | threads = 4
  |        \x1b[1;34m^^^\x1b[0m
  |
  = \x1b[1mhelp:\x1b[0m fixable with --fix: write threads=4

\x1b[36mconf/app.cnf:6:1\x1b[0m: \x1b[1;31merror\x1b[0m \x1b[1mMDL108[bracket-state-leak]\x1b[0m empty line becomes "= 1" because of the "[" on line 5
  = \x1b[1mimpact:\x1b[0m rejects the whole file: every option in it is ignored
  |
6 |
  | \x1b[1;31m^\x1b[0m
  |
  = \x1b[1mnote:\x1b[0m \x1b[36mconf/app.cnf:5:7\x1b[0m: the pre-processor state freezes at this "["
  = \x1b[1mhelp:\x1b[0m fixable with --fix: delete the empty line

\x1b[36mconf/app.cnf:7:11\x1b[0m: \x1b[1;33mwarning\x1b[0m \x1b[1mMDL313[quoted-value]\x1b[0m value is wrapped in quotes
  = \x1b[1mimpact:\x1b[0m writes the dump into a directory named "/backup", quotes included
  |
7 | outputdir="/backup"
  |           \x1b[1;33m^^^^^^^^^\x1b[0m
  |
  = \x1b[1mhelp:\x1b[0m fixable with --fix --unsafe-fixes: remove the quotes

\x1b[36mconf/app.cnf:7:20\x1b[0m: \x1b[1;31merror\x1b[0m \x1b[1mMDL302[trailing-whitespace-in-value]\x1b[0m value ends with whitespace
  = \x1b[1mimpact:\x1b[0m keeps the space: outputdir names another directory
  |
7 | outputdir="/backup"
  |                    \x1b[1;31m^\x1b[0m
  |
  = \x1b[1mhelp:\x1b[0m fixable with --fix --unsafe-fixes: trim the value

\x1b[36mconf/app.cnf:8:1\x1b[0m: \x1b[1;33mwarning\x1b[0m \x1b[1mMDL205[duplicate-group]\x1b[0m group [mydumper] is declared twice
  = \x1b[1mimpact:\x1b[0m merges both groups silently
  |
8 | [mydumper]
  | \x1b[1;33m^^^^^^^^^^\x1b[0m (and 1 more line)
  |
  = \x1b[1mnote:\x1b[0m \x1b[36mconf/app.cnf:1:1\x1b[0m: first declared here
  = \x1b[1mhelp:\x1b[0m fixable with --fix --unsafe-fixes

\x1b[36mconf/app.cnf:9:1\x1b[0m: \x1b[1;34minfo\x1b[0m \x1b[1mMDL306[leading-whitespace]\x1b[0m line is indented
  |
9 |     routines
  | \x1b[1;34m^^^^\x1b[0m
  |
  = \x1b[1mhelp:\x1b[0m fixable with --fix: remove the indentation

\x1b[36mconf/app.cnf:9:2\x1b[0m: \x1b[1;34minfo\x1b[0m \x1b[1mMDL308[flag-without-value]\x1b[0m option without a value
  |
9 |     routines
  |     \x1b[1;34m^^^^^^^^\x1b[0m
  |
  = \x1b[1mhelp:\x1b[0m fixable with --fix: write routines=1

\x1b[36mconf/crlf.cnf:1:11\x1b[0m: \x1b[1;31merror\x1b[0m \x1b[1mMDL103[carriage-return]\x1b[0m file uses CRLF line endings
  |
1 | [myloader]␍
  |           \x1b[1;31m^\x1b[0m
  |
  = \x1b[1mhelp:\x1b[0m fixable with --fix: convert "\r\n" to "\n"

\x1b[36mconf/crlf.cnf:3:1\x1b[0m: \x1b[1;31merror\x1b[0m \x1b[1mMDL103[carriage-return]\x1b[0m empty line made of a carriage return
  = \x1b[1mimpact:\x1b[0m the line becomes "\r= 1", which rejects the whole file
  |
3 | ␍
  | \x1b[1;31m^\x1b[0m

\x1b[36mconf/crlf.cnf:3:1\x1b[0m: \x1b[1;34minfo\x1b[0m \x1b[1mMDL310[blank-lines]\x1b[0m 3 consecutive blank lines
  |
3 | ␍
  | \x1b[1;34m^\x1b[0m (and 2 more lines)
  |
  = \x1b[1mhelp:\x1b[0m fixable with --fix: keep one blank line

\x1b[36mconf/odd.cnf:1:1\x1b[0m: \x1b[1;31merror\x1b[0m \x1b[1mMDL101[utf8-bom]\x1b[0m file starts with a UTF-8 byte order mark
  = \x1b[1mimpact:\x1b[0m rejects the whole file: every option in it is ignored
  |
1 | \u{feff}[mydumper]
  | \x1b[1;31m^^^^^^^^\x1b[0m
  |
  = \x1b[1mhelp:\x1b[0m fixable with --fix: remove the byte order mark

\x1b[36mconf/odd.cnf:2:12\x1b[0m: \x1b[1;33mwarning\x1b[0m \x1b[1mMDL311[invalid-utf8]\x1b[0m invalid UTF-8 byte 0xff
  |
2 | where=café \xff␛[31m
  |            \x1b[1;33m^^^^\x1b[0m

\x1b[36mconf/odd.cnf:2:13\x1b[0m: \x1b[1;33mwarning\x1b[0m \x1b[1mMDL312[control-character]\x1b[0m value contains the control character ␛ (ESC)
  |
2 | where=café \xff␛[31m
  |                \x1b[1;33m^\x1b[0m

\x1b[36mconf/odd.cnf:3:5\x1b[0m: \x1b[1;31merror\x1b[0m \x1b[1mMDL111[nul-byte]\x1b[0m NUL byte in a key
  = \x1b[1mimpact:\x1b[0m rejects the whole file: every option in it is ignored
  |
3 | rout␀ines=1
  |     \x1b[1;31m^\x1b[0m

\x1b[36mconf/odd.cnf:4:9\x1b[0m: \x1b[1;33mwarning\x1b[0m \x1b[1mMDL312[control-character]\x1b[0m value contains the control character "\v"
  |
4 | name=    日本␋語
  |              \x1b[1;33m^\x1b[0m

\x1b[36mconf/odd.cnf:5:9\x1b[0m: \x1b[1;31merror\x1b[0m \x1b[1mMDL104[missing-final-newline]\x1b[0m the last line is a flag without a final newline
  = \x1b[1mimpact:\x1b[0m rejects the whole file: every option in it is ignored
  |
5 | routines
  |         \x1b[1;31m^\x1b[0m
  |
  = \x1b[1mhelp:\x1b[0m fixable with --fix: append a newline

\x1b[36mconf/tail.cnf:3:1\x1b[0m: \x1b[1;33mwarning\x1b[0m \x1b[1mMDL112[bracket-leak-risk]\x1b[0m an empty line appended here would break the file
  |
3 |
  | \x1b[1;33m^\x1b[0m
  |
  = \x1b[1mnote:\x1b[0m \x1b[36mconf/tail.cnf:2:7\x1b[0m

Fixed 2 problems.
Found 8 errors, 6 warnings, 4 infos in 4 files (9 fixable with --fix, 3 more with --unsafe-fixes).
