{
  "version": 1,
  "tool": {
    "name": "mydumper-lint",
    "version": "1.2.3"
  },
  "files": [
    {
      "path": "conf/app.cnf",
      "loadable": false,
      "mydumper_version": "v0.19.3-3",
      "fixed": 0,
      "diagnostics": [
        {
          "id": "MDL102",
          "name": "whitespace-only-line",
          "severity": "error",
          "message": "line contains only spaces and tabs",
          "consequence": "rejects the whole file: every option in it is ignored",
          "range": {
            "start": {
              "line": 3,
              "col": 1,
              "offset": 19
            },
            "end": {
              "line": 3,
              "col": 4,
              "offset": 22
            }
          },
          "related": [],
          "fix": {
            "applicability": "safe",
            "description": "empty the line",
            "edits": [
              {
                "range": {
                  "start": {
                    "line": 3,
                    "col": 1,
                    "offset": 19
                  },
                  "end": {
                    "line": 3,
                    "col": 4,
                    "offset": 22
                  }
                },
                "new_text": ""
              }
            ]
          }
        },
        {
          "id": "MDL307",
          "name": "spaces-around-equals",
          "severity": "info",
          "message": "spaces around \"=\"",
          "consequence": "",
          "range": {
            "start": {
              "line": 4,
              "col": 8,
              "offset": 30
            },
            "end": {
              "line": 4,
              "col": 11,
              "offset": 33
            }
          },
          "related": [],
          "fix": {
            "applicability": "safe",
            "description": "write threads=4",
            "edits": [
              {
                "range": {
                  "start": {
                    "line": 4,
                    "col": 8,
                    "offset": 30
                  },
                  "end": {
                    "line": 4,
                    "col": 11,
                    "offset": 33
                  }
                },
                "new_text": "="
              }
            ]
          }
        },
        {
          "id": "MDL108",
          "name": "bracket-state-leak",
          "severity": "error",
          "message": "empty line becomes \"= 1\" because of the \"[\" on line 5",
          "consequence": "rejects the whole file: every option in it is ignored",
          "range": {
            "start": {
              "line": 6,
              "col": 1,
              "offset": 48
            },
            "end": {
              "line": 6,
              "col": 1,
              "offset": 48
            }
          },
          "related": [
            {
              "range": {
                "start": {
                  "line": 5,
                  "col": 7,
                  "offset": 41
                },
                "end": {
                  "line": 5,
                  "col": 8,
                  "offset": 42
                }
              },
              "message": "the pre-processor state freezes at this \"[\""
            }
          ],
          "fix": {
            "applicability": "safe",
            "description": "delete the empty line",
            "edits": [
              {
                "range": {
                  "start": {
                    "line": 6,
                    "col": 1,
                    "offset": 48
                  },
                  "end": {
                    "line": 7,
                    "col": 1,
                    "offset": 49
                  }
                },
                "new_text": ""
              }
            ]
          }
        },
        {
          "id": "MDL313",
          "name": "quoted-value",
          "severity": "warning",
          "message": "value is wrapped in quotes",
          "consequence": "writes the dump into a directory named \"/backup\", quotes included",
          "range": {
            "start": {
              "line": 7,
              "col": 11,
              "offset": 59
            },
            "end": {
              "line": 7,
              "col": 20,
              "offset": 68
            }
          },
          "related": [],
          "fix": {
            "applicability": "unsafe",
            "description": "remove the quotes",
            "edits": [
              {
                "range": {
                  "start": {
                    "line": 7,
                    "col": 11,
                    "offset": 59
                  },
                  "end": {
                    "line": 7,
                    "col": 12,
                    "offset": 60
                  }
                },
                "new_text": ""
              },
              {
                "range": {
                  "start": {
                    "line": 7,
                    "col": 19,
                    "offset": 67
                  },
                  "end": {
                    "line": 7,
                    "col": 20,
                    "offset": 68
                  }
                },
                "new_text": ""
              }
            ]
          }
        },
        {
          "id": "MDL302",
          "name": "trailing-whitespace-in-value",
          "severity": "error",
          "message": "value ends with whitespace",
          "consequence": "keeps the space: outputdir names another directory",
          "range": {
            "start": {
              "line": 7,
              "col": 20,
              "offset": 68
            },
            "end": {
              "line": 7,
              "col": 21,
              "offset": 69
            }
          },
          "related": [],
          "fix": {
            "applicability": "unsafe",
            "description": "trim the value",
            "edits": [
              {
                "range": {
                  "start": {
                    "line": 7,
                    "col": 20,
                    "offset": 68
                  },
                  "end": {
                    "line": 7,
                    "col": 21,
                    "offset": 69
                  }
                },
                "new_text": ""
              }
            ]
          }
        },
        {
          "id": "MDL205",
          "name": "duplicate-group",
          "severity": "warning",
          "message": "group [mydumper] is declared twice",
          "consequence": "merges both groups silently",
          "range": {
            "start": {
              "line": 8,
              "col": 1,
              "offset": 70
            },
            "end": {
              "line": 9,
              "col": 10,
              "offset": 90
            }
          },
          "related": [
            {
              "range": {
                "start": {
                  "line": 1,
                  "col": 1,
                  "offset": 0
                },
                "end": {
                  "line": 1,
                  "col": 11,
                  "offset": 10
                }
              },
              "message": "first declared here"
            }
          ],
          "fix": {
            "applicability": "unsafe",
            "description": "",
            "edits": [
              {
                "range": {
                  "start": {
                    "line": 8,
                    "col": 1,
                    "offset": 70
                  },
                  "end": {
                    "line": 9,
                    "col": 1,
                    "offset": 81
                  }
                },
                "new_text": ""
              }
            ]
          }
        },
        {
          "id": "MDL306",
          "name": "leading-whitespace",
          "severity": "info",
          "message": "line is indented",
          "consequence": "",
          "range": {
            "start": {
              "line": 9,
              "col": 1,
              "offset": 81
            },
            "end": {
              "line": 9,
              "col": 2,
              "offset": 82
            }
          },
          "related": [],
          "fix": {
            "applicability": "safe",
            "description": "remove the indentation",
            "edits": [
              {
                "range": {
                  "start": {
                    "line": 9,
                    "col": 1,
                    "offset": 81
                  },
                  "end": {
                    "line": 9,
                    "col": 2,
                    "offset": 82
                  }
                },
                "new_text": ""
              }
            ]
          }
        },
        {
          "id": "MDL308",
          "name": "flag-without-value",
          "severity": "info",
          "message": "option without a value",
          "consequence": "",
          "range": {
            "start": {
              "line": 9,
              "col": 2,
              "offset": 82
            },
            "end": {
              "line": 9,
              "col": 10,
              "offset": 90
            }
          },
          "related": [],
          "fix": {
            "applicability": "safe",
            "description": "write routines=1",
            "edits": [
              {
                "range": {
                  "start": {
                    "line": 9,
                    "col": 10,
                    "offset": 90
                  },
                  "end": {
                    "line": 9,
                    "col": 10,
                    "offset": 90
                  }
                },
                "new_text": "=1"
              }
            ]
          }
        }
      ]
    },
    {
      "path": "conf/crlf.cnf",
      "loadable": false,
      "mydumper_version": "v0.19.3-3",
      "fixed": 0,
      "diagnostics": [
        {
          "id": "MDL103",
          "name": "carriage-return",
          "severity": "error",
          "message": "file uses CRLF line endings",
          "consequence": "",
          "range": {
            "start": {
              "line": 1,
              "col": 11,
              "offset": 10
            },
            "end": {
              "line": 1,
              "col": 12,
              "offset": 11
            }
          },
          "related": [],
          "fix": {
            "applicability": "safe",
            "description": "convert \"\\r\\n\" to \"\\n\"",
            "edits": [
              {
                "range": {
                  "start": {
                    "line": 1,
                    "col": 11,
                    "offset": 10
                  },
                  "end": {
                    "line": 1,
                    "col": 12,
                    "offset": 11
                  }
                },
                "new_text": ""
              },
              {
                "range": {
                  "start": {
                    "line": 2,
                    "col": 10,
                    "offset": 21
                  },
                  "end": {
                    "line": 2,
                    "col": 11,
                    "offset": 22
                  }
                },
                "new_text": ""
              },
              {
                "range": {
                  "start": {
                    "line": 3,
                    "col": 1,
                    "offset": 23
                  },
                  "end": {
                    "line": 3,
                    "col": 2,
                    "offset": 24
                  }
                },
                "new_text": ""
              },
              {
                "range": {
                  "start": {
                    "line": 4,
                    "col": 1,
                    "offset": 25
                  },
                  "end": {
                    "line": 4,
                    "col": 2,
                    "offset": 26
                  }
                },
                "new_text": ""
              },
              {
                "range": {
                  "start": {
                    "line": 5,
                    "col": 1,
                    "offset": 27
                  },
                  "end": {
                    "line": 5,
                    "col": 2,
                    "offset": 28
                  }
                },
                "new_text": ""
              },
              {
                "range": {
                  "start": {
                    "line": 6,
                    "col": 17,
                    "offset": 45
                  },
                  "end": {
                    "line": 6,
                    "col": 18,
                    "offset": 46
                  }
                },
                "new_text": ""
              }
            ]
          }
        },
        {
          "id": "MDL103",
          "name": "carriage-return",
          "severity": "error",
          "message": "empty line made of a carriage return",
          "consequence": "the line becomes \"\\r= 1\", which rejects the whole file",
          "range": {
            "start": {
              "line": 3,
              "col": 1,
              "offset": 23
            },
            "end": {
              "line": 3,
              "col": 2,
              "offset": 24
            }
          },
          "related": [],
          "fix": null
        },
        {
          "id": "MDL310",
          "name": "blank-lines",
          "severity": "info",
          "message": "3 consecutive blank lines",
          "consequence": "",
          "range": {
            "start": {
              "line": 3,
              "col": 1,
              "offset": 23
            },
            "end": {
              "line": 6,
              "col": 1,
              "offset": 29
            }
          },
          "related": [],
          "fix": {
            "applicability": "safe",
            "description": "keep one blank line",
            "edits": [
              {
                "range": {
                  "start": {
                    "line": 4,
                    "col": 1,
                    "offset": 25
                  },
                  "end": {
                    "line": 6,
                    "col": 1,
                    "offset": 29
                  }
                },
                "new_text": ""
              }
            ]
          }
        }
      ]
    },
    {
      "path": "conf/odd.cnf",
      "loadable": false,
      "mydumper_version": "v0.19.3-3",
      "fixed": 0,
      "diagnostics": [
        {
          "id": "MDL101",
          "name": "utf8-bom",
          "severity": "error",
          "message": "file starts with a UTF-8 byte order mark",
          "consequence": "rejects the whole file: every option in it is ignored",
          "range": {
            "start": {
              "line": 1,
              "col": 1,
              "offset": 0
            },
            "end": {
              "line": 1,
              "col": 2,
              "offset": 3
            }
          },
          "related": [],
          "fix": {
            "applicability": "safe",
            "description": "remove the byte order mark",
            "edits": [
              {
                "range": {
                  "start": {
                    "line": 1,
                    "col": 1,
                    "offset": 0
                  },
                  "end": {
                    "line": 1,
                    "col": 2,
                    "offset": 3
                  }
                },
                "new_text": ""
              }
            ]
          }
        },
        {
          "id": "MDL311",
          "name": "invalid-utf8",
          "severity": "warning",
          "message": "invalid UTF-8 byte 0xff",
          "consequence": "",
          "range": {
            "start": {
              "line": 2,
              "col": 12,
              "offset": 26
            },
            "end": {
              "line": 2,
              "col": 13,
              "offset": 27
            }
          },
          "related": [],
          "fix": null
        },
        {
          "id": "MDL312",
          "name": "control-character",
          "severity": "warning",
          "message": "value contains the control character \u001b (ESC)",
          "consequence": "",
          "range": {
            "start": {
              "line": 2,
              "col": 13,
              "offset": 27
            },
            "end": {
              "line": 2,
              "col": 14,
              "offset": 28
            }
          },
          "related": [],
          "fix": null
        },
        {
          "id": "MDL111",
          "name": "nul-byte",
          "severity": "error",
          "message": "NUL byte in a key",
          "consequence": "rejects the whole file: every option in it is ignored",
          "range": {
            "start": {
              "line": 3,
              "col": 5,
              "offset": 37
            },
            "end": {
              "line": 3,
              "col": 6,
              "offset": 38
            }
          },
          "related": [],
          "fix": null
        },
        {
          "id": "MDL312",
          "name": "control-character",
          "severity": "warning",
          "message": "value contains the control character \"\\v\"",
          "consequence": "",
          "range": {
            "start": {
              "line": 4,
              "col": 9,
              "offset": 57
            },
            "end": {
              "line": 4,
              "col": 10,
              "offset": 58
            }
          },
          "related": [],
          "fix": null
        },
        {
          "id": "MDL104",
          "name": "missing-final-newline",
          "severity": "error",
          "message": "the last line is a flag without a final newline",
          "consequence": "rejects the whole file: every option in it is ignored",
          "range": {
            "start": {
              "line": 5,
              "col": 9,
              "offset": 70
            },
            "end": {
              "line": 5,
              "col": 9,
              "offset": 70
            }
          },
          "related": [],
          "fix": {
            "applicability": "safe",
            "description": "append a newline",
            "edits": [
              {
                "range": {
                  "start": {
                    "line": 5,
                    "col": 9,
                    "offset": 70
                  },
                  "end": {
                    "line": 5,
                    "col": 9,
                    "offset": 70
                  }
                },
                "new_text": "\n"
              }
            ]
          }
        }
      ]
    },
    {
      "path": "conf/tail.cnf",
      "loadable": true,
      "mydumper_version": "v1.0.8-1",
      "fixed": 0,
      "diagnostics": [
        {
          "id": "MDL112",
          "name": "bracket-leak-risk",
          "severity": "warning",
          "message": "an empty line appended here would break the file",
          "consequence": "",
          "range": {
            "start": {
              "line": 3,
              "col": 1,
              "offset": 24
            },
            "end": {
              "line": 3,
              "col": 1,
              "offset": 24
            }
          },
          "related": [
            {
              "range": {
                "start": {
                  "line": 2,
                  "col": 7,
                  "offset": 17
                },
                "end": {
                  "line": 2,
                  "col": 8,
                  "offset": 18
                }
              },
              "message": ""
            }
          ],
          "fix": null
        }
      ]
    },
    {
      "path": "conf/clean.cnf",
      "loadable": true,
      "mydumper_version": "v0.19.3-3",
      "fixed": 2,
      "diagnostics": []
    }
  ],
  "summary": {
    "files": 5,
    "errors": 8,
    "warnings": 6,
    "infos": 4,
    "fixable": 9,
    "unsafe_fixable": 3,
    "fixed": 2
  }
}
